// Jest Snapshot v1, https://goo.gl/fbAQLP

exports[`BtnClearBoard renders button clear board 1`] = `
Array [
  <input
    max="1000"
    min="50"
    name="speedValue"
    onChange={[MockFunction]}
    step="50"
    type="range"
    value={500}
  />,
  <label
    htmlFor="speedValue"
  >
    Изменить скорость
  </label>,
]
`;

exports[`BtnClearBoard renders button clear board 2`] = `
Array [
  <input
    max="1000"
    min="50"
    name="speedValue"
    onChange={[MockFunction]}
    step="50"
    type="range"
    value={500}
  />,
  <label
    htmlFor="speedValue"
  >
    Изменить скорость
  </label>,
]
`;
